Restore Archived Project report for hw4
Mon Jan 24 21:05:09 2022
Quartus II 32-bit Version 13.1.0 Build 162 10/23/2013 SJ Web Edition


---------------------
; Table of Contents ;
---------------------
  1. Legal Notice
  2. Restore Archived Project Summary
  3. Restore Archived Project Messages
  4. Files Restored
  5. Files Not Restored



----------------
; Legal Notice ;
----------------
Copyright (C) 1991-2013 Altera Corporation
Your use of Altera Corporation's design tools, logic functions 
and other software and tools, and its AMPP partner logic 
functions, and any output files from any of the foregoing 
(including device programming or simulation files), and any 
associated documentation or information are expressly subject 
to the terms and conditions of the Altera Program License 
Subscription Agreement, Altera MegaCore Function License 
Agreement, or other applicable license agreement, including, 
without limitation, that your use is for the sole purpose of 
programming logic devices manufactured by Altera and sold by 
Altera or its authorized distributors.  Please refer to the 
applicable agreement for further details.



+-------------------------------------------------------------------------+
; Restore Archived Project Summary                                        ;
+---------------------------------+---------------------------------------+
; Restore Archived Project Status ; Successful - Mon Jan 24 21:05:09 2022 ;
; Revision Name                   ; hw4                                   ;
; Top-level Entity Name           ; MiniMIPS                              ;
; Family                          ; Cyclone IV GX                         ;
+---------------------------------+---------------------------------------+


+-----------------------------------+
; Restore Archived Project Messages ;
+-----------------------------------+
Info: Successfully restored 'C:/Users/OmerF/Desktop/Okul Dersleri/331 Computer Organization/HWs/hw4/Single Cyle Processor/1801042094.qar' into the 'C:/Users/OmerF/Desktop/Okul Dersleri/331 Computer Organization/HWs/hw4/Single Cyle Processor/1801042094_restored/' directory
Info: Generated report 'hw4.restore.rpt'
Info (23030): Evaluation of Tcl script d:/program files (x86)/qquartus/quartus/common/tcl/apps/qpm/qar.tcl was successful
Info: Quartus II 32-bit Shell was successful. 0 errors, 0 warnings
    Info: Peak virtual memory: 254 megabytes
    Info: Processing ended: Mon Jan 24 21:05:09 2022
    Info: Elapsed time: 00:00:02
    Info: Total CPU time (on all processors): 00:00:01


+------------------------------------------------+
; Files Restored                                 ;
+------------------------------------------------+
; File Name                                      ;
+------------------------------------------------+
; MiniMIPS.v                                     ;
; MiniMIPS_testbench.v                           ;
; add_1.v                                        ;
; adder32.v                                      ;
; adder_32.v                                     ;
; alu32.v                                        ;
; alu32_tb.v                                     ;
; and32.v                                        ;
; control_unit.v                                 ;
; control_unit_tb.v                              ;
; db/hw4.cmp.hdb                                 ;
; db/hw4.db_info                                 ;
; deneme.v                                       ;
; full_adder.v                                   ;
; half_adder.v                                   ;
; hw4.qpf                                        ;
; hw4.qsf                                        ;
; incremental_db/compiled_partitions/hw4.db_info ;
; instruction_memory.v                           ;
; instruction_memory_tb.v                        ;
; memory_data.txt                                ;
; mips_memory.v                                  ;
; mips_memory_tb.v                               ;
; mips_registers.v                               ;
; mips_registers_tb.v                            ;
; mux_2x1_1.v                                    ;
; mux_2x1_2_.v                                   ;
; mux_2x1_3.v                                    ;
; mux_2x1_32.v                                   ;
; mux_3x1_2.v                                    ;
; mux_4x1_1.v                                    ;
; mux_8x1_1.v                                    ;
; mux_8x1_32.v                                   ;
; nor32.v                                        ;
; not32.v                                        ;
; or32.v                                         ;
; program_counter.v                              ;
; registers.txt                                  ;
; sign_extend_6to32.v                            ;
; simulation/modelsim/instructions.txt           ;
; simulation/modelsim/memory_data.txt            ;
; simulation/modelsim/registers.txt              ;
; slt_extender.v                                 ;
; sub32.v                                        ;
; sub_32.v                                       ;
; xor32.v                                        ;
; zero_founder.v                                 ;
; assignment_defaults.qdf                        ;
+------------------------------------------------+


+--------------------+
; Files Not Restored ;
+--------------------+
; File Name          ;
+--------------------+


